HTTP/1.1 302 Found
Location: https://github.com/wegfvgewrhbbbbb
Content-Length: 0
Connection: close

