HTTP/1.1 302 Found
Location: festival/
Content-Length: 0
Connection: close

