<!DOCTYPE html>
<html lang="en">
<head>
	<meta charset="UTF-8">
	<meta name="viewport" content="width=device-width, initial-scale=1.0">
	<title>Simple HTML Page</title>
	<link rel="icon" href="favicon.ico" type="image/x-icon">
</head>
<body>
	<h1>Welcome to FABULOUS WEBSITE Page</h1>
	<p>This is a paragraph of text on my simple HTML page.</p>
	<a href="test.html">Go to Test Page</a>
	<p></p>
	<p></p>
	<a href="testResponseBuilder/upload/uploadEntryPoint.html">Go to UPLOADING FILE Page</a>
</body>
</html>
