HTTP/1.1 400 Bad Request
Content-Length: 596
Content-Type: text/html

<!DOCTYPE html>
<html>
<head>
  <link rel="stylesheet" href="errorPages/glitch.css">
</head>
<body>
	<div class="noise"></div>
	<div class="overlay"></div>
	<div class="terminal">
	  <h1>Error <span class="errorcode">404 Bad Request</span></h1>
	  <p class="output">The server could not understand the request due to invalid syntax.</p>
	  <p class="output">Please try to <a href="javascript:history.back()">go back</a> or <a href="/">return to the homepage</a>.</p>
	<p class="output"><i>You have to let it all go, Neo. Fear, doubt, and disbelief. Free your mind.</i></p>
	</div>
</body>
</html>
