HTTP/1.1 405 Method Not Allowed
Content-Length: 548
Content-Type: text/html

<!DOCTYPE html>
<html>
<head>
  <link rel="stylesheet" href="errorPages/glitch.css">
</head>
<body>
	<div class="noise"></div>
	<div class="overlay"></div>
	<div class="terminal">
	  <h1>Error <span class="errorcode">405 Method Not Allowed</span></h1>
	  <p class="output">The request method is unknown or not suported by the server.</p>
	  <p class="output">Please try to <a href="javascript:history.back()">go back</a> or <a href="/">return to the homepage</a>.</p>
	<p class="output"><i>Follow the White Rabbit...</i></p>
	</div>
</body>
</html>
