HTTP/1.1 200 OK
Content-Length: 2740
Content-Type: text/plain

Lorem ipsum dolor sit amet, consectetur adipiscing elit. Nullam volutpat tincidunt neque, sed fermentum urna convallis non. Fusce a ipsum nec odio vulputate malesuada ut at urna. Curabitur euismod mi non ex gravida, et ultricies est interdum. Suspendisse interdum neque non lorem vehicula, non hendrerit ligula ultricies. Integer tincidunt risus non augue tincidunt, nec dictum turpis pulvinar. Quisque sit amet feugiat magna. Vivamus nec varius nulla, ac tincidunt libero. Ut accumsan, augue sit amet scelerisque efficitur, est tortor euismod mi, sit amet gravida risus lectus ac neque. Integer ut vestibulum quam.

Aliquam erat volutpat. Cras id ligula vel justo dapibus finibus ac id lacus. Nam sagittis neque nec augue auctor, et aliquet augue tempus. Donec vel nulla sed justo tristique sodales ut vel sem. Phasellus vehicula, velit et viverra pharetra, turpis nunc accumsan sapien, nec scelerisque dolor eros sit amet arcu. Nullam sed lacinia odio. Nulla lacinia, nisl ac laoreet interdum, felis orci tempor lacus, vel venenatis erat nunc non nunc. Etiam id orci vitae sem feugiat sollicitudin sit amet nec turpis.

Sed auctor magna quis tortor vestibulum, sit amet elementum risus convallis. Vestibulum dictum, sem vel tempor eleifend, ipsum quam vestibulum erat, id ornare nulla lorem vel dolor. In sodales erat sit amet quam fermentum tincidunt. Vestibulum eu tristique urna, a tincidunt lorem. Mauris congue ligula at nisl facilisis, a luctus turpis interdum. Nulla facilisi. Morbi rhoncus ultricies dolor nec lacinia. Sed vel gravida erat. Integer tincidunt velit nulla, a blandit massa laoreet sit amet. Vivamus pretium libero et tellus dictum, id aliquam ex interdum.

Quisque blandit tincidunt enim, at scelerisque mauris hendrerit vel. Praesent eget ligula nec quam euismod tristique. Suspendisse quis varius elit. Etiam et malesuada arcu. Proin id massa vel felis mollis egestas. Ut feugiat felis eget purus varius, a pretium erat scelerisque. Nam posuere facilisis eros, et ultricies sem porta et. Duis quis mollis lectus, id congue justo. Ut id tristique nunc, nec tincidunt libero. Pellentesque malesuada suscipit nulla, sed faucibus elit posuere sed. Curabitur feugiat eros et massa suscipit, sit amet elementum nunc sagittis. Donec aliquet quam sit amet augue feugiat, ac dignissim risus condimentum.

Ut et pharetra arcu, non pharetra ex. Integer lacinia metus vitae tortor vehicula, in tincidunt mauris tincidunt. Aenean consectetur arcu non risus lacinia, vel lacinia eros fermentum. Suspendisse non dictum mi. Donec vestibulum felis ut eros vulputate venenatis. Sed sit amet libero nisi. Aenean quis lacus lectus. Duis at ex vel sem faucibus venenatis. Suspendisse et nisi non erat sagittis interdum in sed augue.