HTTP/1.1 200 OK
Content-Length: 286
Content-Type: text/html

<!DOCTYPE html>
<html lang="en">
<head>
<meta charset="UTF-8">
<meta name="viewport" content="width=device-width, initial-scale=1.0">
<title>Resource Deleted</title>
</head>
<body>
<h1>Resource Deleted</h1>
<p>The file <b>file.json</b> has been successfully deleted.</p>
</body>
</html>