HTTP/1.1 200 OK
Content-Length: 285
Content-Type: text/html

<html>

<head>
	<title>400</title>
</head>

<body style="background-color: #f0f0f0; text-align: center; padding: 50px;">
	<h1 style="color: #ff5733; font-family: Arial, sans-serif;">400 Bad Request</h1>
	<p style="color: #555; font-size: 18px;">Please stop dun us.</p>
</body>

</html>%