HTTP/1.1 508 Loop Detected
Content-Length: 287
Content-Type: text/html

<html>

<head>
	<title>508</title>
</head>

<body style="background-color: #f0f0f0; text-align: center; padding: 50px;">
	<h1 style="color: #ff5733; font-family: Arial, sans-serif;">508 Loop Detected</h1>
	<p style="color: #555; font-size: 18px;">Please stop dun us.</p>
</body>

</html>
