HTTP/1.1 200 OK
Content-Length: 35
Content-Type: application/json

{"key1": "value1","key2": "value2"}