HTTP/1.1 302 Found
Location: http://www.example.com
Content-Length: 0
Connection: close

