HTTP/1.1 302 Found
Location: _websites/cyborg_gaming/

