HTTP/1.1 302 Found
Location: /_websites/villa_agency/
Content-Length: 0
Connection: close

