HTTP/1.1 200 OK
Content-Length: 780
Content-Type: text/html

<!DOCTYPE html>
<html lang="en">
<head>
<meta charset="UTF-8">
<meta name="viewport" content="width=device-width, initial-scale=1.0">
<title>Listing Directory of URL _websites/festival/</title>
<style>ul li a[href$="/"]::before {
	content: "\1F4C1";
	margin-right: 8px;
}
ul li a:not([href$="/"])::before {
	content: "\1F4C4";
	margin-right: 8px;
}
ul li a {
	text-decoration: none;
	color: inherit;
}
ul li a span {
	text-decoration: underline;
	color: blue;
}
</style>
</head>
<body>
<ul><li><a href="css/">css/</a></li>
<li><a href="fonts/">fonts/</a></li>
<li><a href="images/">images/</a></li>
<li><a href="index.html">index.html</a></li>
<li><a href="js/">js/</a></li>
<li><a href="ticket.html">ticket.html</a></li>
<li><a href="video/">video/</a></li>
</ul></body>
</html>