HTTP/1.1 200 OK
Content-Type: text/html
Content-Length: 673

<html>
    <head>
        <title>Data received</title>
		<link rel="stylesheet" href="../styles.css">
    </head>
    <body style="font-family: Arial, sans-serif; padding: 20px;">
		<div class="container">
			<h1>User Information</h1>
			<p><strong>Name:</strong> Trululu</p>
			<p><strong>Login:</strong> test</p>
			<p><strong>Anecdote:</strong> Kapouet, pouet et tout le tralala</p>
			<p><strong>Favourite color:</strong> </p>
			<p><strong>Age:</strong> </p>
			<p><strong>Surname:</strong> </p>
			<hr>
			<p><em>This is a response generated by the PHP script.</em></p>
			<p><a href="../cgi_bdd_form.html">Go back to the form</a></p>
		</div>
    </body>
    </html>