HTTP/1.1 200 OK
Content-Length: 27
Content-Type: text/txt

This is file_1.txt content