HTTP/1.1 201 Created
Content-Length: 1404
Content-Type: text/html

<!DOCTYPE html>
<html>

<head>
	<title>Upload Successful</title>
	<meta charset="UTF-8">
	<style>
		body {
			font-family: Arial, sans-serif;
			background: linear-gradient(to left, #38bdf8, #fb7185, #84cc16);
			text-align: center;
			padding: 40px;
		}

		@keyframes pulse {
			0% {
				transform: scale(1);
				box-shadow: 0 0 5px #4CAF50;
			}

			50% {
				transform: scale(1.05);
				box-shadow: 0 0 20px #4CAF50;
			}

			100% {
				transform: scale(1);
				box-shadow: 0 0 5px #4CAF50;
			}
		}

		.homepage {
			display: inline-block;
			font-size: 21px;
			padding: 10px 20px;
			background-color: #8da6ec;
			color: white;
			text-decoration: none;
			border-radius: 5px;
			transition: background-color 0.3s ease, transform 0.3s ease;
		}

		.homepage:hover {
			background-color: #0300b2;
			transform: scale(1.2) rotate(5deg);
		}
	</style>
</head>

<body style="font-family: Arial, sans-serif; background-color: #f0f8ff; text-align: center; padding: 40px;">
	<h1 style="color: #0046df;">SUCCESS ‚úÖ</h1>
	<h1>
		<p style="color: #0f7c12;">Your data has been uploaded to the server !</p>
	</h1>
	<img src="https://i.kym-cdn.com/photos/images/facebook/000/071/862/happycat.jpg" alt="happy_cat"
		style="width: 500px; height: auto; border: 2px solid #4CAF50; border-radius: 10px; animation: pulse 2s infinite;">

	<br>
	<a href="/" class="homepage">üè† BACK TO HOME PAGE</a>
</body>

</html>
