HTTP/1.1 200 OK
Content-Length: 9
Content-Type: text/txt

123456789