HTTP/1.1 200 OK
Content-Length: 13
Content-Type: text/txt

Hello, World!