HTTP/1.1 200 OK
Content-Length: 10
Content-Type: text/txt

1234567891