HTTP/1.1 200 OK
Content-Length: 42
Content-Type: application/json

{"key1":"Dan", "key2":"Seb", "key3":"Flo"}
