HTTP/1.1 302 Found
Location: /_websites/festival/
Content-Length: 0
Connection: close

